lvashist@LIN-PF1DM74D MINGW64 ~
$ cd Desktop/

lvashist@LIN-PF1DM74D MINGW64 ~/Desktop (master)
$ ls
 C#/   CShap/  'Dot Net'/   TestGit/  'Visual Studio Code.lnk'*   desktop.ini   gitDemo/

lvashist@LIN-PF1DM74D MINGW64 ~/Desktop (master)
$ cd TestGit/

lvashist@LIN-PF1DM74D MINGW64 ~/Desktop/TestGit (master)
$ ls
test.txt

lvashist@LIN-PF1DM74D MINGW64 ~/Desktop/TestGit (master)
$ nano bycmd.Text

lvashist@LIN-PF1DM74D MINGW64 ~/Desktop/TestGit (master)
$ git status
On branch master

No commits yet

Untracked files:
  (use "git add <file>..." to include in what will be committed)
        bycmd.Text
        test.txt

nothing added to commit but untracked files present (use "git add" to track)

lvashist@LIN-PF1DM74D MINGW64 ~/Desktop/TestGit (master)
$ git add bycmd.Text
warning: in the working copy of 'bycmd.Text', LF will be replaced by CRLF the next time Git touches it

lvashist@LIN-PF1DM74D MINGW64 ~/Desktop/TestGit (master)
$ git status
On branch master

No commits yet

Changes to be committed:
  (use "git rm --cached <file>..." to unstage)
        new file:   bycmd.Text

Untracked files:
  (use "git add <file>..." to include in what will be committed)
        test.txt


lvashist@LIN-PF1DM74D MINGW64 ~/Desktop/TestGit (master)
$ git add *

lvashist@LIN-PF1DM74D MINGW64 ~/Desktop/TestGit (master)
$ git status
On branch master

No commits yet

Changes to be committed:
  (use "git rm --cached <file>..." to unstage)
        new file:   bycmd.Text
        new file:   test.txt


lvashist@LIN-PF1DM74D MINGW64 ~/Desktop/TestGit (master)
$ git commit -m "Commited 2 files"
[master (root-commit) a565fdb] Commited 2 files
 2 files changed, 2 insertions(+)
 create mode 100644 bycmd.Text
 create mode 100644 test.txt

lvashist@LIN-PF1DM74D MINGW64 ~/Desktop/TestGit (master)
$ git status
On branch master
nothing to commit, working tree clean

lvashist@LIN-PF1DM74D MINGW64 ~/Desktop/TestGit (master)
$ git remote add xyz https://github.com/laxmankumar2000/test.git
usage: git remote add [<options>] <name> <url>

    -f, --[no-]fetch      fetch the remote branches
    --[no-]tags           import all tags and associated objects when fetching
                          or do not fetch any tag at all (--no-tags)
    -t, --[no-]track <branch>
                          branch(es) to track
    -m, --[no-]master <branch>
                          master branch
    --[no-]mirror[=(push|fetch)]
                          set up remote as a mirror to push to or fetch from


lvashist@LIN-PF1DM74D MINGW64 ~/Desktop/TestGit (master)
$ git remote add xyzzhttps://github.com/laxmankumar2000/test.git
usage: git remote add [<options>] <name> <url>

    -f, --[no-]fetch      fetch the remote branches
    --[no-]tags           import all tags and associated objects when fetching
                          or do not fetch any tag at all (--no-tags)
    -t, --[no-]track <branch>
                          branch(es) to track
    -m, --[no-]master <branch>
                          master branch
    --[no-]mirror[=(push|fetch)]
                          set up remote as a mirror to push to or fetch from


lvashist@LIN-PF1DM74D MINGW64 ~/Desktop/TestGit (master)
$ git remote -v

lvashist@LIN-PF1DM74D MINGW64 ~/Desktop/TestGit (master)
$ git remote add xyz https://github.com/laxmankumar2000/test.git

lvashist@LIN-PF1DM74D MINGW64 ~/Desktop/TestGit (master)
$ git remote -v
xyz     https://github.com/laxmankumar2000/test.git (fetch)
xyz     https://github.com/laxmankumar2000/test.git (push)

lvashist@LIN-PF1DM74D MINGW64 ~/Desktop/TestGit (master)
$ git push -u xyz master
Enumerating objects: 4, done.
Counting objects: 100% (4/4), done.
Delta compression using up to 8 threads
Compressing objects: 100% (2/2), done.
Writing objects: 100% (4/4), 281 bytes | 281.00 KiB/s, done.
Total 4 (delta 0), reused 0 (delta 0), pack-reused 0 (from 0)
remote:
remote: Create a pull request for 'master' on GitHub by visiting:
remote:      https://github.com/laxmankumar2000/test/pull/new/master
remote:
To https://github.com/laxmankumar2000/test.git
 * [new branch]      master -> master
branch 'master' set up to track 'xyz/master'.

lvashist@LIN-PF1DM74D MINGW64 ~/Desktop/TestGit (master)
